.next/dev/types/validator.ts(135,31): error TS2344: Type 'typeof import("D:/Prime Finance Hub/src/app/api/services/[id]/route")' does not satisfy the constraint 'RouteHandlerConfig<"/api/services/[id]">'.
  Types of property 'PUT' are incompatible.
    Type '(request: Request, { params }: { params: { id: string; }; }) => Promise<NextResponse<{ success: boolean; error: string; }> | NextResponse<{ success: boolean; data: Document<unknown, {}, IService, {}, DefaultSchemaOptions> & IService & Required<...> & { ...; } & { ...; }; }>>' is not assignable to type '(request: NextRequest, context: { params: Promise<{ id: string; }>; }) => void | Response | Promise<void | Response>'.
      Types of parameters '__1' and 'context' are incompatible.
        Type '{ params: Promise<{ id: string; }>; }' is not assignable to type '{ params: { id: string; }; }'.
          Types of property 'params' are incompatible.
            Property 'id' is missing in type 'Promise<{ id: string; }>' but required in type '{ id: string; }'.
.next/types/validator.ts(135,31): error TS2344: Type 'typeof import("D:/Prime Finance Hub/src/app/api/services/[id]/route")' does not satisfy the constraint 'RouteHandlerConfig<"/api/services/[id]">'.
  Types of property 'PUT' are incompatible.
    Type '(request: Request, { params }: { params: { id: string; }; }) => Promise<NextResponse<{ success: boolean; error: string; }> | NextResponse<{ success: boolean; data: Document<unknown, {}, IService, {}, DefaultSchemaOptions> & IService & Required<...> & { ...; } & { ...; }; }>>' is not assignable to type '(request: NextRequest, context: { params: Promise<{ id: string; }>; }) => void | Response | Promise<void | Response>'.
      Types of parameters '__1' and 'context' are incompatible.
        Type '{ params: Promise<{ id: string; }>; }' is not assignable to type '{ params: { id: string; }; }'.
          Types of property 'params' are incompatible.
            Property 'id' is missing in type 'Promise<{ id: string; }>' but required in type '{ id: string; }'.
src/components/admin/ServiceManager.tsx(31,25): error TS2322: Type 'Service | null' is not assignable to type 'Partial<Service> | undefined'.
  Type 'null' is not assignable to type 'Partial<Service> | undefined'.
